// Jest Snapshot v1, https://goo.gl/fbAQLP

exports[`<Posts /> should match snapshot 1`] = `
<div
  class="posts"
>
  <div
    class="post"
  >
    <div
      class="post-thumbnail"
    >
      <img
        alt="title 1"
        class="post-img"
        src="img/img1.png"
      />
    </div>
    <div
      class="post-content"
    >
      <h1>
        title 1
      </h1>
      <p>
        body 1
      </p>
    </div>
  </div>
  <div
    class="post"
  >
    <div
      class="post-thumbnail"
    >
      <img
        alt="title 2"
        class="post-img"
        src="img/img2.png"
      />
    </div>
    <div
      class="post-content"
    >
      <h1>
        title 2
      </h1>
      <p>
        body 2
      </p>
    </div>
  </div>
  <div
    class="post"
  >
    <div
      class="post-thumbnail"
    >
      <img
        alt="title 3"
        class="post-img"
        src="img/img3.png"
      />
    </div>
    <div
      class="post-content"
    >
      <h1>
        title 3
      </h1>
      <p>
        body 3
      </p>
    </div>
  </div>
</div>
`;
